// Jest Snapshot v1, https://goo.gl/fbAQLP

exports[`ensureIds runs and yields a response 1`] = `
[
  "BUNDLE_ENSURE_IDS",
  {
    "workspaceUri": "/fake/workspace",
  },
]
`;

exports[`generateReadme runs and yields a response 1`] = `
[
  "GENREATE_README",
  {
    "repo": {
      "name": "",
      "owner": "",
    },
    "workspaceUri": "/fake/workspace",
  },
]
`;
